============================= test session starts ==============================
platform darwin -- Python 3.13.9, pytest-9.0.2, pluggy-1.6.0 -- /Users/petrsovadina/Desktop/Develope/benjamin/v0-benjamin/backend/venv/bin/python3.13
cachedir: .pytest_cache
rootdir: /Users/petrsovadina/Desktop/Develope/benjamin/v0-benjamin
plugins: anyio-4.12.0, langsmith-0.5.0, asyncio-1.3.0
asyncio: mode=Mode.STRICT, debug=False, asyncio_default_fixture_loop_scope=None, asyncio_default_test_loop_scope=function
collecting ... collected 0 items / 1 error

==================================== ERRORS ====================================
____________ ERROR collecting backend/tests/test_api_integration.py ____________
ImportError while importing test module '/Users/petrsovadina/Desktop/Develope/benjamin/v0-benjamin/backend/tests/test_api_integration.py'.
Hint: make sure your test modules/packages have valid Python names.
Traceback:
/opt/homebrew/Cellar/python@3.13/3.13.9/Frameworks/Python.framework/Versions/3.13/lib/python3.13/importlib/__init__.py:88: in import_module
    return _bootstrap._gcd_import(name[level:], package, level)
           ^^^^^^^^^^^^^^^^^^^^^^^^^^^^^^^^^^^^^^^^^^^^^^^^^^^^
backend/tests/test_api_integration.py:4: in <module>
    from backend.main import app
backend/main.py:12: in <module>
    from backend.app.api.v1.api import api_router
backend/app/api/v1/api.py:6: in <module>
    from backend.app.api.v1.endpoints import admin
backend/app/api/v1/endpoints/admin.py:4: in <module>
    from backend.services.logger import logger
E   ImportError: cannot import name 'logger' from 'backend.services.logger' (/Users/petrsovadina/Desktop/Develope/benjamin/v0-benjamin/backend/services/logger.py)
=============================== warnings summary ===============================
backend/app/schemas/query.py:12
  /Users/petrsovadina/Desktop/Develope/benjamin/v0-benjamin/backend/app/schemas/query.py:12: PydanticDeprecatedSince20: Pydantic V1 style `@validator` validators are deprecated. You should migrate to Pydantic V2 style `@field_validator` validators, see the migration guide for more details. Deprecated in Pydantic V2.0 to be removed in V3.0. See Pydantic V2 Migration Guide at https://errors.pydantic.dev/2.12/migration/
    @validator("query", pre=True, always=True)

backend/app/schemas/query.py:4
  /Users/petrsovadina/Desktop/Develope/benjamin/v0-benjamin/backend/app/schemas/query.py:4: PydanticDeprecatedSince20: Support for class-based `config` is deprecated, use ConfigDict instead. Deprecated in Pydantic V2.0 to be removed in V3.0. See Pydantic V2 Migration Guide at https://errors.pydantic.dev/2.12/migration/
    class QueryRequest(BaseModel):

backend/venv/lib/python3.13/site-packages/pyiceberg/table/metadata.py:365
  /Users/petrsovadina/Desktop/Develope/benjamin/v0-benjamin/backend/venv/lib/python3.13/site-packages/pyiceberg/table/metadata.py:365: PydanticDeprecatedSince212: Using `@model_validator` with mode='after' on a classmethod is deprecated. Instead, use an instance method. See the documentation at https://docs.pydantic.dev/2.12/concepts/validators/#model-after-validator. Deprecated in Pydantic V2.12 to be removed in V3.0.
    @model_validator(mode="after")

backend/venv/lib/python3.13/site-packages/pyiceberg/table/metadata.py:494
  /Users/petrsovadina/Desktop/Develope/benjamin/v0-benjamin/backend/venv/lib/python3.13/site-packages/pyiceberg/table/metadata.py:494: PydanticDeprecatedSince212: Using `@model_validator` with mode='after' on a classmethod is deprecated. Instead, use an instance method. See the documentation at https://docs.pydantic.dev/2.12/concepts/validators/#model-after-validator. Deprecated in Pydantic V2.12 to be removed in V3.0.
    @model_validator(mode="after")

backend/venv/lib/python3.13/site-packages/pyiceberg/table/metadata.py:498
  /Users/petrsovadina/Desktop/Develope/benjamin/v0-benjamin/backend/venv/lib/python3.13/site-packages/pyiceberg/table/metadata.py:498: PydanticDeprecatedSince212: Using `@model_validator` with mode='after' on a classmethod is deprecated. Instead, use an instance method. See the documentation at https://docs.pydantic.dev/2.12/concepts/validators/#model-after-validator. Deprecated in Pydantic V2.12 to be removed in V3.0.
    @model_validator(mode="after")

backend/venv/lib/python3.13/site-packages/pyiceberg/table/metadata.py:502
  /Users/petrsovadina/Desktop/Develope/benjamin/v0-benjamin/backend/venv/lib/python3.13/site-packages/pyiceberg/table/metadata.py:502: PydanticDeprecatedSince212: Using `@model_validator` with mode='after' on a classmethod is deprecated. Instead, use an instance method. See the documentation at https://docs.pydantic.dev/2.12/concepts/validators/#model-after-validator. Deprecated in Pydantic V2.12 to be removed in V3.0.
    @model_validator(mode="after")

backend/venv/lib/python3.13/site-packages/pyiceberg/table/metadata.py:506
  /Users/petrsovadina/Desktop/Develope/benjamin/v0-benjamin/backend/venv/lib/python3.13/site-packages/pyiceberg/table/metadata.py:506: PydanticDeprecatedSince212: Using `@model_validator` with mode='after' on a classmethod is deprecated. Instead, use an instance method. See the documentation at https://docs.pydantic.dev/2.12/concepts/validators/#model-after-validator. Deprecated in Pydantic V2.12 to be removed in V3.0.
    @model_validator(mode="after")

backend/venv/lib/python3.13/site-packages/pyiceberg/table/metadata.py:538
  /Users/petrsovadina/Desktop/Develope/benjamin/v0-benjamin/backend/venv/lib/python3.13/site-packages/pyiceberg/table/metadata.py:538: PydanticDeprecatedSince212: Using `@model_validator` with mode='after' on a classmethod is deprecated. Instead, use an instance method. See the documentation at https://docs.pydantic.dev/2.12/concepts/validators/#model-after-validator. Deprecated in Pydantic V2.12 to be removed in V3.0.
    @model_validator(mode="after")

backend/venv/lib/python3.13/site-packages/pyiceberg/table/metadata.py:542
  /Users/petrsovadina/Desktop/Develope/benjamin/v0-benjamin/backend/venv/lib/python3.13/site-packages/pyiceberg/table/metadata.py:542: PydanticDeprecatedSince212: Using `@model_validator` with mode='after' on a classmethod is deprecated. Instead, use an instance method. See the documentation at https://docs.pydantic.dev/2.12/concepts/validators/#model-after-validator. Deprecated in Pydantic V2.12 to be removed in V3.0.
    @model_validator(mode="after")

backend/venv/lib/python3.13/site-packages/pyiceberg/table/metadata.py:546
  /Users/petrsovadina/Desktop/Develope/benjamin/v0-benjamin/backend/venv/lib/python3.13/site-packages/pyiceberg/table/metadata.py:546: PydanticDeprecatedSince212: Using `@model_validator` with mode='after' on a classmethod is deprecated. Instead, use an instance method. See the documentation at https://docs.pydantic.dev/2.12/concepts/validators/#model-after-validator. Deprecated in Pydantic V2.12 to be removed in V3.0.
    @model_validator(mode="after")

backend/venv/lib/python3.13/site-packages/pyiceberg/table/metadata.py:550
  /Users/petrsovadina/Desktop/Develope/benjamin/v0-benjamin/backend/venv/lib/python3.13/site-packages/pyiceberg/table/metadata.py:550: PydanticDeprecatedSince212: Using `@model_validator` with mode='after' on a classmethod is deprecated. Instead, use an instance method. See the documentation at https://docs.pydantic.dev/2.12/concepts/validators/#model-after-validator. Deprecated in Pydantic V2.12 to be removed in V3.0.
    @model_validator(mode="after")

backend/data_processing/config/settings.py:4
  /Users/petrsovadina/Desktop/Develope/benjamin/v0-benjamin/backend/data_processing/config/settings.py:4: PydanticDeprecatedSince20: Support for class-based `config` is deprecated, use ConfigDict instead. Deprecated in Pydantic V2.0 to be removed in V3.0. See Pydantic V2 Migration Guide at https://errors.pydantic.dev/2.12/migration/
    class Settings(BaseSettings):

-- Docs: https://docs.pytest.org/en/stable/how-to/capture-warnings.html
=========================== short test summary info ============================
ERROR backend/tests/test_api_integration.py
!!!!!!!!!!!!!!!!!!!! Interrupted: 1 error during collection !!!!!!!!!!!!!!!!!!!!
======================== 12 warnings, 1 error in 0.97s =========================
